/srv/data/web/vhosts/default /srv/data/web/vhosts/default
/srv/data/web/vhosts/default
Checking for a `package.json` file.
No package.json !
Checking for a `server.js` file.
Warning: Since December 1st, 2015, we're using `npm start script` in priority to start your application.
Note: You should either have a `start` script or a `main` entry in your `package.json`.
---------------------------
https://docs.npmjs.com/files/package.json
https://docs.gandi.net/en/simple_hosting/instance_languages/nodejs.html
---------------------------
Server ready to accept requests on port 8080
/srv/data/web/vhosts/default /srv/data/web/vhosts/default
/srv/data/web/vhosts/default
Checking for a `package.json` file.
No package.json !
Checking for a `server.js` file.
Warning: Since December 1st, 2015, we're using `npm start script` in priority to start your application.
Note: You should either have a `start` script or a `main` entry in your `package.json`.
---------------------------
https://docs.npmjs.com/files/package.json
https://docs.gandi.net/en/simple_hosting/instance_languages/nodejs.html
---------------------------
Server ready to accept requests on port 8080
/srv/data/web/vhosts/default /srv/data/web/vhosts/default
/srv/data/web/vhosts/default
Checking for a `package.json` file.
No package.json !
Checking for a `server.js` file.
Warning: Since December 1st, 2015, we're using `npm start script` in priority to start your application.
Note: You should either have a `start` script or a `main` entry in your `package.json`.
---------------------------
https://docs.npmjs.com/files/package.json
https://docs.gandi.net/en/simple_hosting/instance_languages/nodejs.html
---------------------------
Server ready to accept requests on port 8080
/srv/data/web/vhosts/default /srv/data/web/vhosts/default
npm WARN config production Use `--omit=dev` instead.
/srv/data/web/vhosts/default
Checking for a `package.json` file.
Found your `package.json` file.
Checking your package.json for a `start` script.
Found a start script in your `package.json` file.
Server running on port 8080
/srv/data/web/vhosts/default /srv/data/web/vhosts/default
npm WARN config production Use `--omit=dev` instead.
/srv/data/web/vhosts/default
Checking for a `package.json` file.
Found your `package.json` file.
Checking your package.json for a `start` script.
Found a start script in your `package.json` file.
Server running on port 8080
/srv/data/web/vhosts/default /srv/data/web/vhosts/default
npm WARN config production Use `--omit=dev` instead.
/srv/data/web/vhosts/default
Checking for a `package.json` file.
Found your `package.json` file.
Checking your package.json for a `start` script.
Found a start script in your `package.json` file.
Server running on port 8080
/srv/data/web/vhosts/default /srv/data/web/vhosts/default
npm WARN config production Use `--omit=dev` instead.
/srv/data/web/vhosts/default
Checking for a `package.json` file.
Found your `package.json` file.
Checking your package.json for a `start` script.
Found a start script in your `package.json` file.
Server running on port 8080
/srv/data/web/vhosts/default /srv/data/web/vhosts/default
npm WARN config production Use `--omit=dev` instead.
/srv/data/web/vhosts/default
Checking for a `package.json` file.
Found your `package.json` file.
Checking your package.json for a `start` script.
Found a start script in your `package.json` file.
Server running on port 8080
/srv/data/web/vhosts/default /srv/data/web/vhosts/default
npm WARN config production Use `--omit=dev` instead.
/srv/data/web/vhosts/default
Checking for a `package.json` file.
Found your `package.json` file.
Checking your package.json for a `start` script.
Found a start script in your `package.json` file.
Server running on port 8080
/srv/data/web/vhosts/default /srv/data/web/vhosts/default
npm WARN config production Use `--omit=dev` instead.
/srv/data/web/vhosts/default
Checking for a `package.json` file.
Found your `package.json` file.
Checking your package.json for a `start` script.
Found a start script in your `package.json` file.
Server running on port 8080
/srv/data/web/vhosts/default /srv/data/web/vhosts/default
npm WARN config production Use `--omit=dev` instead.
/srv/data/web/vhosts/default
Checking for a `package.json` file.
Found your `package.json` file.
Checking your package.json for a `start` script.
Found a start script in your `package.json` file.
Server running on port 8080
/srv/data/web/vhosts/default /srv/data/web/vhosts/default
npm WARN config production Use `--omit=dev` instead.
/srv/data/web/vhosts/default
Checking for a `package.json` file.
Found your `package.json` file.
Checking your package.json for a `start` script.
Found a start script in your `package.json` file.
Server running on port 8080
/srv/data/web/vhosts/default /srv/data/web/vhosts/default
npm WARN config production Use `--omit=dev` instead.
/srv/data/web/vhosts/default
Checking for a `package.json` file.
Found your `package.json` file.
Checking your package.json for a `start` script.
Found a start script in your `package.json` file.
Server running on port 8080
/srv/data/web/vhosts/default /srv/data/web/vhosts/default
npm WARN config production Use `--omit=dev` instead.
/srv/data/web/vhosts/default
Checking for a `package.json` file.
Found your `package.json` file.
Checking your package.json for a `start` script.
Found a start script in your `package.json` file.
Server running on port 8080
/srv/data/web/vhosts/default /srv/data/web/vhosts/default
npm WARN config production Use `--omit=dev` instead.
/srv/data/web/vhosts/default
Checking for a `package.json` file.
Found your `package.json` file.
Checking your package.json for a `start` script.
Found a start script in your `package.json` file.
Server running on port 8080
/srv/data/web/vhosts/default /srv/data/web/vhosts/default
npm WARN config production Use `--omit=dev` instead.
/srv/data/web/vhosts/default
Checking for a `package.json` file.
Found your `package.json` file.
Checking your package.json for a `start` script.
Found a start script in your `package.json` file.
Server running on port 8080
/srv/data/web/vhosts/default /srv/data/web/vhosts/default
npm WARN config production Use `--omit=dev` instead.
/srv/data/web/vhosts/default
Checking for a `package.json` file.
Found your `package.json` file.
Checking your package.json for a `start` script.
Found a start script in your `package.json` file.
Server running on port 8080
/srv/data/web/vhosts/default /srv/data/web/vhosts/default
npm WARN config production Use `--omit=dev` instead.
/srv/data/web/vhosts/default
Checking for a `package.json` file.
Found your `package.json` file.
Checking your package.json for a `start` script.
Found a start script in your `package.json` file.
Server running on port 8080
/srv/data/web/vhosts/default /srv/data/web/vhosts/default
npm WARN config production Use `--omit=dev` instead.
/srv/data/web/vhosts/default
Checking for a `package.json` file.
Found your `package.json` file.
Checking your package.json for a `start` script.
Found a start script in your `package.json` file.
Server running on port 8080
/srv/data/web/vhosts/default /srv/data/web/vhosts/default
npm WARN config production Use `--omit=dev` instead.
/srv/data/web/vhosts/default
Checking for a `package.json` file.
Found your `package.json` file.
Checking your package.json for a `start` script.
Found a start script in your `package.json` file.
Server running on port 8080
/srv/data/web/vhosts/default /srv/data/web/vhosts/default
npm WARN config production Use `--omit=dev` instead.
/srv/data/web/vhosts/default
Checking for a `package.json` file.
Found your `package.json` file.
Checking your package.json for a `start` script.
Found a start script in your `package.json` file.
Server running on port 8080
/srv/data/web/vhosts/default /srv/data/web/vhosts/default
npm WARN config production Use `--omit=dev` instead.
/srv/data/web/vhosts/default
Checking for a `package.json` file.
Found your `package.json` file.
Checking your package.json for a `start` script.
Found a start script in your `package.json` file.
Server running on port 8080
/srv/data/web/vhosts/default /srv/data/web/vhosts/default
npm WARN config production Use `--omit=dev` instead.
/srv/data/web/vhosts/default
Checking for a `package.json` file.
Found your `package.json` file.
Checking your package.json for a `start` script.
Found a start script in your `package.json` file.
Server running on port 8080
/srv/data/web/vhosts/default /srv/data/web/vhosts/default
npm WARN config production Use `--omit=dev` instead.
/srv/data/web/vhosts/default
Checking for a `package.json` file.
Found your `package.json` file.
Checking your package.json for a `start` script.
Found a start script in your `package.json` file.
Server running on port 8080
/srv/data/web/vhosts/default /srv/data/web/vhosts/default
npm WARN config production Use `--omit=dev` instead.
/srv/data/web/vhosts/default
Checking for a `package.json` file.
Found your `package.json` file.
Checking your package.json for a `start` script.
Found a start script in your `package.json` file.
Server running on port 8080
/srv/data/web/vhosts/default /srv/data/web/vhosts/default
npm WARN config production Use `--omit=dev` instead.
/srv/data/web/vhosts/default
Checking for a `package.json` file.
Found your `package.json` file.
Checking your package.json for a `start` script.
Found a start script in your `package.json` file.
Server running on port 8080
/srv/data/web/vhosts/default /srv/data/web/vhosts/default
npm WARN config production Use `--omit=dev` instead.
/srv/data/web/vhosts/default
Checking for a `package.json` file.
Found your `package.json` file.
Checking your package.json for a `start` script.
Found a start script in your `package.json` file.
node:internal/modules/cjs/loader:1078
  throw err;
  ^

Error: Cannot find module '/srv/data/web/vhosts/default/server.js'
    at Module._resolveFilename (node:internal/modules/cjs/loader:1075:15)
    at Module._load (node:internal/modules/cjs/loader:920:27)
    at Function.executeUserEntryPoint [as runMain] (node:internal/modules/run_main:81:12)
    at node:internal/main/run_main_module:23:47 {
  code: 'MODULE_NOT_FOUND',
  requireStack: []
}

Node.js v18.14.2
/srv/data/web/vhosts/default /srv/data/web/vhosts/default
npm WARN config production Use `--omit=dev` instead.
/srv/data/web/vhosts/default
Checking for a `package.json` file.
Found your `package.json` file.
Checking your package.json for a `start` script.
Found a start script in your `package.json` file.
node:internal/modules/cjs/loader:1078
  throw err;
  ^

Error: Cannot find module '/srv/data/web/vhosts/default/server.js'
    at Module._resolveFilename (node:internal/modules/cjs/loader:1075:15)
    at Module._load (node:internal/modules/cjs/loader:920:27)
    at Function.executeUserEntryPoint [as runMain] (node:internal/modules/run_main:81:12)
    at node:internal/main/run_main_module:23:47 {
  code: 'MODULE_NOT_FOUND',
  requireStack: []
}

Node.js v18.14.2
/srv/data/web/vhosts/default /srv/data/web/vhosts/default
npm WARN config production Use `--omit=dev` instead.
/srv/data/web/vhosts/default
Checking for a `package.json` file.
Found your `package.json` file.
Checking your package.json for a `start` script.
Found a start script in your `package.json` file.
node:internal/modules/cjs/loader:1078
  throw err;
  ^

Error: Cannot find module '/srv/data/web/vhosts/default/server.js'
    at Module._resolveFilename (node:internal/modules/cjs/loader:1075:15)
    at Module._load (node:internal/modules/cjs/loader:920:27)
    at Function.executeUserEntryPoint [as runMain] (node:internal/modules/run_main:81:12)
    at node:internal/main/run_main_module:23:47 {
  code: 'MODULE_NOT_FOUND',
  requireStack: []
}

Node.js v18.14.2
